Windows PowerShell
Copyright (C) Microsoft Corporation. All rights reserved.

PS C:\Users\Rony Gonzalez\Desktop\Projects> cd
PS C:\Users\Rony Gonzalez\Desktop\Projects> cd .\taxspeaker\
PS C:\Users\Rony Gonzalez\Desktop\Projects\taxspeaker> npm -v
6.9.0
PS C:\Users\Rony Gonzalez\Desktop\Projects\taxspeaker> npm install

> node-sass@4.12.0 install C:\Users\Rony Gonzalez\Desktop\Projects\taxspeaker\node_modules\node-sass
> node scripts/install.js

Downloading binary from https://github.com/sass/node-sass/releases/download/v4.12.0/win32-x64-72_binding.node
Download complete  ] - :
Binary saved to C:\Users\Rony Gonzalez\Desktop\Projects\taxspeaker\node_modules\node-sass\vendor\win32-x64-72\binding.node
Caching binary to C:\Users\Rony Gonzalez\AppData\Roaming\npm-cache\node-sass\4.12.0\win32-x64-72_binding.node

> uglifyjs-webpack-plugin@0.4.6 postinstall C:\Users\Rony Gonzalez\Desktop\Projects\taxspeaker\node_modules\webpack\node_modules\uglifyjs-webpack-plugin
> node lib/post_install.js


> node-sass@4.12.0 postinstall C:\Users\Rony Gonzalez\Desktop\Projects\taxspeaker\node_modules\node-sass
> node scripts/build.js

Binary found at C:\Users\Rony Gonzalez\Desktop\Projects\taxspeaker\node_modules\node-sass\vendor\win32-x64-72\binding.node
Testing binary
Binary is fine
npm WARN optional SKIPPING OPTIONAL DEPENDENCY: fsevents@1.2.4 (node_modules\fsevents):
npm WARN notsup SKIPPING OPTIONAL DEPENDENCY: Unsupported platform for fsevents@1.2.4: wanted {"os":"darwin","arch":"any"} (current: {"os":"win32","arch":"x64"})

added 1245 packages from 768 contributors in 42.363s
PS C:\Users\Rony Gonzalez\Desktop\Projects\taxspeaker> npm run wacth
npm ERR! missing script: wacth
npm ERR!
npm ERR! Did you mean this?
npm ERR!     watch

npm ERR! A complete log of this run can be found in:
npm ERR!     C:\Users\Rony Gonzalez\AppData\Roaming\npm-cache\_logs\2019-05-23T15_01_06_570Z-debug.log
PS C:\Users\Rony Gonzalez\Desktop\Projects\taxspeaker> npm run watch

> @ watch C:\Users\Rony Gonzalez\Desktop\Projects\taxspeaker
> npm run development -- --watch


> @ development C:\Users\Rony Gonzalez\Desktop\Projects\taxspeaker
> cross-env NODE_ENV=development node_modules/webpack/bin/webpack.js --progress --hide-modules --config=node_modules/laravel-mix/setup/webpack.config.js "--watch"

 10% building modules 2/2 modules 0 active
Webpack is watching the files…

 95% emitting

 DONE  Compiled successfully in 17426ms                                                                      11:01:40 AM

                                                                  Asset     Size  Chunks                    Chunk Names
fonts/vendor/video.js/dist/VideoJS.eot?46ac6629168546c71dbf115992aa4be9  6.95 kB          [emitted]
                                                     /js/backend/app.js  5.23 MB       0  [emitted]  [big]  /js/backend/app
                                                    /js/frontend/app.js  5.78 MB       1  [emitted]  [big]  /js/frontend/app
                                                   /css/backend/app.css   480 kB       0  [emitted]  [big]  /js/backend/app
                                                  /css/frontend/app.css   509 kB       0  [emitted]  [big]  /js/backend/app
Terminate batch job (Y/N)? y
PS C:\Users\Rony Gonzalez\Desktop\Projects\taxspeaker>



/******************************************************************************************************************************
Windows PowerShell
Copyright (C) Microsoft Corporation. All rights reserved.

PS C:\Users\Rony Gonzalez\Desktop\Projects> cd .\taxspeaker\
PS C:\Users\Rony Gonzalez\Desktop\Projects\taxspeaker> docker-compose up -d
Creating network "taxspeaker_default" with the default driver
Creating volume "taxspeaker_db" with default driver
Pulling mysql (mysql:5.7)...
5.7: Pulling from library/mysql
743f2d6c1f65: Pull complete
3f0c413ee255: Pull complete
aef1ef8f1aac: Pull complete
f9ee573e34cb: Pull complete
3f237e01f153: Pull complete
f9da32e8682a: Pull complete
4b8da52fb357: Pull complete
6f38e9cfd49b: Pull complete
9f4834b3f44f: Pull complete
af631d92fdba: Pull complete
0e771ddab25c: Pull complete
Creating taxspeaker_mysql_1 ... done
PS C:\Users\Rony Gonzalez\Desktop\Projects\taxspeaker> composer update


  [Composer\Exception\NoSslException]
  The openssl extension is required for SSL/TLS protection but is not available. If you can not enable the openssl extension, you can disable this error, at your own risk, by setting the 'disable-tls' option to true.


update [--prefer-source] [--prefer-dist] [--dry-run] [--dev] [--no-dev] [--lock] [--no-custom-installers] [--no-autoloader] [--no-scripts] [--no-progress] [--no-suggest] [--with-dependencies] [--with-all-dependencies] [-v|vv|vvv|--verbose] [-o|--optimize-autoloader] [-a|--classmap-authoritative] [--apcu-autoloader] [--ignore-platform-reqs] [--prefer-stable] [--prefer-lowest] [-i|--interactive] [--root-reqs] [--] [<packages>]...

PS C:\Users\Rony Gonzalez\Desktop\Projects\taxspeaker> composer update
PHP Warning:  PHP Startup: Unable to load dynamic library 'bz2' (tried: C:\php\ext\bz2 (The specified module could not be found.), C:\php\ext\php_bz2.dll (The specified module could not be found.)) in Unknown on line 0

Warning: PHP Startup: Unable to load dynamic library 'bz2' (tried: C:\php\ext\bz2 (The specified module could not be found.), C:\php\ext\php_bz2.dll (The specified module could not be found.)) in Unknown on line 0
PHP Warning:  PHP Startup: Unable to load dynamic library 'curl' (tried: C:\php\ext\curl (The specified module could not be found.), C:\php\ext\php_curl.dll (The specified module could not be found.)) in Unknown on line 0

Warning: PHP Startup: Unable to load dynamic library 'curl' (tried: C:\php\ext\curl (The specified module could not be found.), C:\php\ext\php_curl.dll (The specified module could not be found.)) in Unknown on line 0
PHP Warning:  PHP Startup: Unable to load dynamic library 'fileinfo' (tried: C:\php\ext\fileinfo (The specified module could not be found.), C:\php\ext\php_fileinfo.dll (The specified module could not be found.)) in Unknown on line 0

Warning: PHP Startup: Unable to load dynamic library 'fileinfo' (tried: C:\php\ext\fileinfo (The specified module could not be found.), C:\php\ext\php_fileinfo.dll (The specified module could not be found.)) in Unknown on line 0
PHP Warning:  PHP Startup: Unable to load dynamic library 'gd2' (tried: C:\php\ext\gd2 (The specified module could not be found.), C:\php\ext\php_gd2.dll (The specified module could not be found.)) in Unknown on line 0

Warning: PHP Startup: Unable to load dynamic library 'gd2' (tried: C:\php\ext\gd2 (The specified module could not be found.), C:\php\ext\php_gd2.dll (The specified module could not be found.)) in Unknown on line 0
PHP Warning:  PHP Startup: Unable to load dynamic library 'mbstring' (tried: C:\php\ext\mbstring (The specified module could not be found.), C:\php\ext\php_mbstring.dll (The specified module could not be found.)) in Unknown on line 0

Warning: PHP Startup: Unable to load dynamic library 'mbstring' (tried: C:\php\ext\mbstring (The specified module could not be found.), C:\php\ext\php_mbstring.dll (The specified module could not be found.)) in Unknown on line 0
PHP Warning:  PHP Startup: Unable to load dynamic library 'mysqli' (tried: C:\php\ext\mysqli (The specified module could not be found.), C:\php\ext\php_mysqli.dll (The specified module could not be found.)) in Unknown on line 0

Warning: PHP Startup: Unable to load dynamic library 'mysqli' (tried: C:\php\ext\mysqli (The specified module could not be found.), C:\php\ext\php_mysqli.dll (The specified module could not be found.)) in Unknown on line 0
PHP Warning:  PHP Startup: Unable to load dynamic library 'openssl' (tried: C:\php\ext\openssl (The specified module could not be found.), C:\php\ext\php_openssl.dll (The specified module could not be found.)) in Unknown on line 0
Warning: PHP Startup: Unable to load dynamic library 'openssl' (tried: C:\php\ext\openssl (The specified module could not be found.), C:\php\ext\php_openssl.dll (The specified module could not be found.)) in Unknown on line 0
PHP Warning:  PHP Startup: Unable to load dynamic library 'pdo_mysql' (tried: C:\php\ext\pdo_mysql (The specified module could not be found.), C:\php\ext\php_pdo_mysql.dll (The specified module could not be found.)) in Unknown on line 0

Warning: PHP Startup: Unable to load dynamic library 'pdo_mysql' (tried: C:\php\ext\pdo_mysql (The specified module could not be found.), C:\php\ext\php_pdo_mysql.dll (The specified module could not be found.)) in Unknown on line 0
PHP Warning:  PHP Startup: Unable to load dynamic library 'pdo_pgsql' (tried: C:\php\ext\pdo_pgsql (The specified module could not be found.), C:\php\ext\php_pdo_pgsql.dll (The specified module could not be found.)) in Unknown on line 0

Warning: PHP Startup: Unable to load dynamic library 'pdo_pgsql' (tried: C:\php\ext\pdo_pgsql (The specified module could not be found.), C:\php\ext\php_pdo_pgsql.dll (The specified module could not be found.)) in Unknown on line 0
PHP Warning:  PHP Startup: Unable to load dynamic library 'pgsql' (tried: C:\php\ext\pgsql (The specified module could not be found.), C:\php\ext\php_pgsql.dll (The specified module could not be found.)) in Unknown on line 0

Warning: PHP Startup: Unable to load dynamic library 'pgsql' (tried: C:\php\ext\pgsql (The specified module could not be found.), C:\php\ext\php_pgsql.dll (The specified module could not be found.)) in Unknown on line 0


  [Composer\Exception\NoSslException]
  The openssl extension is required for SSL/TLS protection but is not available. If you can not enable the openssl extension, you can disable this error, at your own risk, by setting the 'disable-tls' option to true.


update [--prefer-source] [--prefer-dist] [--dry-run] [--dev] [--no-dev] [--lock] [--no-custom-installers] [--no-autoloader] [--no-scripts] [--no-progress] [--no-suggest] [--with-dependencies] [--with-all-dependencies] [-v|vv|vvv|--verbose] [-o|--optimize-autoloader] [-a|--classmap-authoritative] [--apcu-autoloader] [--ignore-platform-reqs] [--prefer-stable] [--prefer-lowest] [-i|--interactive] [--root-reqs] [--] [<packages>]...

PS C:\Users\Rony Gonzalez\Desktop\Projects\taxspeaker> composer update
Loading composer repositories with package information
Updating dependencies (including require-dev)
Package operations: 114 installs, 0 updates, 0 removals
  - Installing ralouphie/getallheaders (2.0.5): Loading from cache
  - Installing psr/http-message (1.0.1): Loading from cache
  - Installing guzzlehttp/psr7 (1.5.2): Loading from cache
  - Installing guzzlehttp/promises (v1.3.1): Loading from cache
  - Installing guzzlehttp/guzzle (6.3.3): Loading from cache
  - Installing avalara/avataxclient (18.10.5.260): Downloading (100%)
  - Installing sentry/sentry (1.10.0): Downloading (100%)
  - Installing symfony/polyfill-ctype (v1.11.0): Loading from cache
  - Installing vlucas/phpdotenv (v2.6.1): Downloading (100%)
  - Installing symfony/css-selector (v4.2.8): Loading from cache
  - Installing tijsverkoyen/css-to-inline-styles (2.2.1): Loading from cache
  - Installing symfony/polyfill-php72 (v1.11.0): Loading from cache
  - Installing symfony/polyfill-mbstring (v1.11.0): Loading from cache
  - Installing symfony/var-dumper (v4.2.8): Loading from cache
  - Installing symfony/routing (v4.2.8): Loading from cache
  - Installing symfony/process (v4.2.8): Loading from cache
  - Installing psr/log (1.1.0): Loading from cache
  - Installing symfony/debug (v4.2.8): Loading from cache
  - Installing symfony/polyfill-intl-idn (v1.11.0): Loading from cache
  - Installing symfony/http-foundation (v4.2.8): Loading from cache
  - Installing symfony/contracts (v1.1.0): Loading from cache
  - Installing symfony/event-dispatcher (v4.2.8): Loading from cache
  - Installing symfony/http-kernel (v4.2.8): Loading from cache
  - Installing symfony/finder (v4.2.8): Loading from cache
  - Installing symfony/console (v4.2.8): Loading from cache
  - Installing symfony/polyfill-iconv (v1.11.0): Loading from cache
  - Installing doctrine/lexer (v1.0.1): Loading from cache
  - Installing egulias/email-validator (2.1.8): Loading from cache
  - Installing swiftmailer/swiftmailer (v6.2.1): Loading from cache
  - Installing paragonie/random_compat (v9.99.99): Loading from cache
  - Installing ramsey/uuid (3.8.0): Loading from cache
  - Installing psr/simple-cache (1.0.1): Loading from cache
  - Installing psr/container (1.0.0): Loading from cache
  - Installing opis/closure (3.2.0): Loading from cache
  - Installing symfony/translation (v4.2.8): Loading from cache
  - Installing nesbot/carbon (1.37.1): Downloading (100%)
  - Installing monolog/monolog (1.24.0): Loading from cache
  - Installing league/flysystem (1.0.52): Loading from cache
  - Installing erusev/parsedown (1.7.3): Loading from cache
  - Installing dragonmantank/cron-expression (v2.3.0): Loading from cache
  - Installing nikic/php-parser (v4.2.1): Loading from cache
  - Installing doctrine/inflector (v1.3.0): Loading from cache
  - Installing laravel/slack-notification-channel (v1.0.3): Downloading (100%)
  - Installing laravel/framework (v5.7.28): Downloading (100%)
  - Installing lcobucci/jwt (3.3.0): Loading from cache
  - Installing php-http/promise (v1.0.0): Loading from cache
  - Installing php-http/httplug (v1.1.0): Downloading (100%)
  - Installing php-http/guzzle6-adapter (v1.1.1): Downloading (100%)
  - Installing psr/http-factory (1.0.1): Loading from cache
  - Installing zendframework/zend-diactoros (2.1.2): Loading from cache
  - Installing nexmo/client (1.8.1): Downloading (100%)
  - Installing laravel/nexmo-notification-channel (v1.0.1): Downloading (100%)
  - Installing sentry/sentry-laravel (0.11.0): Downloading (100%)
  - Installing mtdowling/jmespath.php (2.4.0): Loading from cache
  - Installing aws/aws-sdk-php (3.94.2): Downloading (100%)
  - Installing aws/aws-sdk-php-laravel (3.3.2): Downloading (100%)
  - Installing doctrine/event-manager (v1.0.0): Downloading (100%)
  - Installing doctrine/cache (v1.8.0): Downloading (100%)
  - Installing doctrine/dbal (v2.9.2): Downloading (100%)
  - Installing fideloper/proxy (4.1.0): Loading from cache
  - Installing symfony/psr-http-message-bridge (v1.2.0): Loading from cache
  - Installing phpseclib/phpseclib (2.0.15): Loading from cache
  - Installing defuse/php-encryption (v2.2.1): Loading from cache
  - Installing league/event (2.2.0): Loading from cache
  - Installing league/oauth2-server (7.4.0): Loading from cache
  - Installing firebase/php-jwt (v5.0.0): Loading from cache
  - Installing laravel/passport (v7.2.2): Loading from cache
  - Installing jakub-onderka/php-console-color (v0.2): Loading from cache
  - Installing jakub-onderka/php-console-highlighter (v0.4): Loading from cache
  - Installing dnoegel/php-xdg-base-dir (0.1): Loading from cache
  - Installing psy/psysh (v0.9.9): Loading from cache
  - Installing laravel/tinker (v1.0.8): Loading from cache
  - Installing laravelcollective/html (v5.7.1): Downloading (100%)
  - Installing league/flysystem-aws-s3-v3 (1.0.22): Loading from cache
  - Installing intervention/image (2.4.2): Downloading (100%)
  - Installing mews/captcha (2.2.9): Downloading (100%)
  - Installing drewm/mailchimp-api (v2.5.3): Downloading (100%)
  - Installing spatie/laravel-newsletter (4.2.3): Downloading (100%)
  - Installing stripe/stripe-php (v6.36.0): Downloading (100%)
  - Installing maximebf/debugbar (v1.15.0): Loading from cache
  - Installing barryvdh/laravel-debugbar (v3.2.3): Loading from cache
  - Installing beyondcode/laravel-dump-server (1.2.2): Loading from cache
  - Installing fzaninotto/faker (v1.8.0): Loading from cache
  - Installing hamcrest/hamcrest-php (v2.0.0): Loading from cache
  - Installing mockery/mockery (1.2.2): Loading from cache
  - Installing filp/whoops (2.3.1): Loading from cache
  - Installing nunomaduro/collision (v2.1.1): Loading from cache
  - Installing sebastian/version (2.0.1): Loading from cache
  - Installing sebastian/resource-operations (2.0.1): Loading from cache
  - Installing sebastian/object-reflector (1.1.1): Loading from cache
  - Installing sebastian/recursion-context (3.0.0): Loading from cache
  - Installing sebastian/object-enumerator (3.0.3): Loading from cache
  - Installing sebastian/global-state (2.0.0): Loading from cache
  - Installing sebastian/exporter (3.1.0): Loading from cache
  - Installing sebastian/environment (4.2.2): Loading from cache
  - Installing sebastian/diff (3.0.2): Loading from cache
  - Installing sebastian/comparator (3.0.2): Loading from cache
  - Installing phpunit/php-timer (2.1.1): Loading from cache
  - Installing phpunit/php-text-template (1.2.1): Loading from cache
  - Installing phpunit/php-file-iterator (2.0.2): Loading from cache
  - Installing theseer/tokenizer (1.1.2): Loading from cache
  - Installing sebastian/code-unit-reverse-lookup (1.0.1): Loading from cache
  - Installing phpunit/php-token-stream (3.0.1): Loading from cache
  - Installing phpunit/php-code-coverage (6.1.4): Loading from cache
  - Installing doctrine/instantiator (1.2.0): Loading from cache
  - Installing webmozart/assert (1.4.0): Loading from cache
  - Installing phpdocumentor/reflection-common (1.0.1): Loading from cache
  - Installing phpdocumentor/type-resolver (0.4.0): Loading from cache
  - Installing phpdocumentor/reflection-docblock (4.3.1): Loading from cache
  - Installing phpspec/prophecy (1.8.0): Loading from cache
  - Installing phar-io/version (2.0.1): Loading from cache
  - Installing phar-io/manifest (1.0.3): Loading from cache
  - Installing myclabs/deep-copy (1.9.1): Loading from cache
  - Installing phpunit/phpunit (7.5.11): Loading from cache
symfony/var-dumper suggests installing ext-intl (To show region name in time zone dump)
symfony/routing suggests installing symfony/config (For using the all-in-one router or any loader)
symfony/routing suggests installing symfony/yaml (For using the YAML loader)
symfony/routing suggests installing symfony/expression-language (For using expression matching)
symfony/routing suggests installing doctrine/annotations (For using the annotation loader)
symfony/polyfill-intl-idn suggests installing ext-intl (For best performance)
symfony/contracts suggests installing psr/cache (When using the Cache contracts)
symfony/contracts suggests installing symfony/cache-contracts-implementation
symfony/contracts suggests installing symfony/event-dispatcher-implementation
symfony/contracts suggests installing symfony/http-client-contracts-implementation
symfony/contracts suggests installing symfony/service-contracts-implementation
symfony/event-dispatcher suggests installing symfony/dependency-injection
symfony/http-kernel suggests installing symfony/browser-kit
symfony/http-kernel suggests installing symfony/config
symfony/http-kernel suggests installing symfony/dependency-injection
symfony/console suggests installing symfony/lock
egulias/email-validator suggests installing ext-intl (PHP Internationalization Libraries are required to use the SpoofChecking validation)
swiftmailer/swiftmailer suggests installing ext-intl (Needed to support internationalized email addresses)
swiftmailer/swiftmailer suggests installing true/punycode (Needed to support internationalized email addresses, if ext-intl is not installed)
paragonie/random_compat suggests installing ext-libsodium (Provides a modern crypto API that can be used to generate random bytes.)
ramsey/uuid suggests installing ircmaxell/random-lib (Provides RandomLib for use with the RandomLibAdapter)
ramsey/uuid suggests installing ext-libsodium (Provides the PECL libsodium extension for use with the SodiumRandomGenerator)
ramsey/uuid suggests installing ext-uuid (Provides the PECL UUID extension for use with the PeclUuidTimeGenerator and PeclUuidRandomGenerator)
ramsey/uuid suggests installing moontoast/math (Provides support for converting UUID to 128-bit integer (in string form).)
ramsey/uuid suggests installing ramsey/uuid-doctrine (Allows the use of Ramsey\Uuid\Uuid as Doctrine field type.)
ramsey/uuid suggests installing ramsey/uuid-console (A console application for generating UUIDs with ramsey/uuid)
symfony/translation suggests installing symfony/config
symfony/translation suggests installing symfony/yaml
nesbot/carbon suggests installing friendsofphp/php-cs-fixer (Needed for the `composer phpcs` command. Allow to automatically fix code style.)
nesbot/carbon suggests installing phpstan/phpstan (Needed for the `composer phpstan` command. Allow to detect potential errors.)
monolog/monolog suggests installing graylog2/gelf-php (Allow sending log messages to a GrayLog2 server)
monolog/monolog suggests installing doctrine/couchdb (Allow sending log messages to a CouchDB server)
monolog/monolog suggests installing ruflin/elastica (Allow sending log messages to an Elastic Search server)
monolog/monolog suggests installing php-amqplib/php-amqplib (Allow sending log messages to an AMQP server using php-amqplib)
monolog/monolog suggests installing ext-amqp (Allow sending log messages to an AMQP server (1.0+ required))
monolog/monolog suggests installing ext-mongo (Allow sending log messages to a MongoDB server)
monolog/monolog suggests installing mongodb/mongodb (Allow sending log messages to a MongoDB server via PHP Driver)
monolog/monolog suggests installing rollbar/rollbar (Allow sending log messages to Rollbar)
monolog/monolog suggests installing php-console/php-console (Allow sending log messages to Google Chrome)
league/flysystem suggests installing league/flysystem-eventable-filesystem (Allows you to use EventableFilesystem)
league/flysystem suggests installing league/flysystem-rackspace (Allows you to use Rackspace Cloud Files)
league/flysystem suggests installing league/flysystem-azure (Allows you to use Windows Azure Blob storage)
league/flysystem suggests installing league/flysystem-webdav (Allows you to use WebDAV storage)
league/flysystem suggests installing league/flysystem-aws-s3-v2 (Allows you to use S3 storage with AWS SDK v2)
league/flysystem suggests installing spatie/flysystem-dropbox (Allows you to use Dropbox storage)
league/flysystem suggests installing srmklive/flysystem-dropbox-v2 (Allows you to use Dropbox storage for PHP 5 applications)
league/flysystem suggests installing league/flysystem-cached-adapter (Flysystem adapter decorator for metadata caching)
league/flysystem suggests installing ext-ftp (Allows you to use FTP server storage)
league/flysystem suggests installing league/flysystem-sftp (Allows you to use SFTP server storage via phpseclib)
league/flysystem suggests installing league/flysystem-ziparchive (Allows you to use ZipArchive adapter)
laravel/framework suggests installing ext-pcntl (Required to use all features of the queue worker.)
laravel/framework suggests installing ext-posix (Required to use all features of the queue worker.)
laravel/framework suggests installing league/flysystem-cached-adapter (Required to use the Flysystem cache (^1.0).)
laravel/framework suggests installing league/flysystem-rackspace (Required to use the Flysystem Rackspace driver (^1.0).)
laravel/framework suggests installing league/flysystem-sftp (Required to use the Flysystem SFTP driver (^1.0).)
laravel/framework suggests installing moontoast/math (Required to use ordered UUIDs (^1.1).)
laravel/framework suggests installing pda/pheanstalk (Required to use the beanstalk queue driver (^3.0|^4.0).)
laravel/framework suggests installing predis/predis (Required to use the redis cache and queue drivers (^1.0).)
laravel/framework suggests installing pusher/pusher-php-server (Required to use the Pusher broadcast driver (^3.0).)
laravel/framework suggests installing symfony/dom-crawler (Required to use most of the crawler integration testing tools (^4.1).)
aws/aws-sdk-php suggests installing ext-sockets (To use client-side monitoring)
aws/aws-sdk-php suggests installing aws/aws-php-sns-message-validator (To validate incoming SNS notifications)
aws/aws-sdk-php-laravel suggests installing laravel/lumen-framework (To test the Lumen bindings)
doctrine/cache suggests installing alcaeus/mongo-php-adapter (Required to use legacy MongoDB driver)
symfony/psr-http-message-bridge suggests installing nyholm/psr7 (For a super lightweight PSR-7/17 implementation)
phpseclib/phpseclib suggests installing ext-libsodium (SSH2/SFTP can make use of some algorithms provided by the libsodium-php extension.)
phpseclib/phpseclib suggests installing ext-mcrypt (Install the Mcrypt extension in order to speed up a few other cryptographic operations.)
phpseclib/phpseclib suggests installing ext-gmp (Install the GMP (GNU Multiple Precision) extension in order to speed up arbitrary precision integer arithmetic operations.)
psy/psysh suggests installing ext-pcntl (Enabling the PCNTL extension makes PsySH a lot happier :))
psy/psysh suggests installing ext-posix (If you have PCNTL, you'll want the POSIX extension as well.)
psy/psysh suggests installing ext-pdo-sqlite (The doc command requires SQLite to work.)
psy/psysh suggests installing hoa/console (A pure PHP readline implementation. You'll want this if your PHP install doesn't already support readline or libedit.)
intervention/image suggests installing ext-imagick (to use Imagick based image processing.)
intervention/image suggests installing intervention/imagecache (Caching extension for the Intervention Image library)
maximebf/debugbar suggests installing kriswallsmith/assetic (The best way to manage assets)
maximebf/debugbar suggests installing predis/predis (Redis storage)
filp/whoops suggests installing whoops/soap (Formats errors as SOAP responses)
sebastian/global-state suggests installing ext-uopz (*)
sebastian/environment suggests installing ext-posix (*)
phpunit/php-code-coverage suggests installing ext-xdebug (^2.6.0)
phpunit/phpunit suggests installing phpunit/php-invoker (^2.0)
phpunit/phpunit suggests installing ext-soap (*)
phpunit/phpunit suggests installing ext-xdebug (*)
Writing lock file
Generating optimized autoload files
> Illuminate\Foundation\ComposerScripts::postAutoloadDump
> @php artisan package:discover
Discovered Package: aws/aws-sdk-php-laravel
Discovered Package: barryvdh/laravel-debugbar
Discovered Package: beyondcode/laravel-dump-server
Discovered Package: fideloper/proxy
Discovered Package: intervention/image
Discovered Package: laravel/nexmo-notification-channel
Discovered Package: laravel/passport
Discovered Package: laravel/slack-notification-channel
Discovered Package: laravel/tinker
Discovered Package: laravelcollective/html
Discovered Package: mews/captcha
Discovered Package: nesbot/carbon
Discovered Package: nunomaduro/collision
Discovered Package: sentry/sentry-laravel
Discovered Package: spatie/laravel-newsletter
Package manifest generated successfully.
PS C:\Users\Rony Gonzalez\Desktop\Projects\taxspeaker> php artisan serve
Laravel development server started: <http://127.0.0.1:8000>
[Thu May 23 11:02:24 2019] 127.0.0.1:51899 [200]: /svg/500.svg
[Thu May 23 11:02:24 2019] 127.0.0.1:51900 [200]: /favicon.ico




//**************************
cd .\taxspeaker\
docker-compose up -d
php artisan serve



/*********************
C:\Program Files\Docker\Docker\resources\bin
C:\Php\7.3\